attaque 4 : [i] code mis a jour : relance pour les 46 attaques restantes
attaque 1 : [i] code mis a jour : relance pour les 45 attaques restantes
attaque 3 : [i] code mis a jour : relance pour les 42 attaques restantes
attaque 9 : [i] code mis a jour : relance pour les 33 attaques restantes
attaque 4 : [i] code mis a jour : relance pour les 29 attaques restantes
attaque 5 : [i] code mis a jour : relance pour les 24 attaques restantes
attaque 2 : [!] sondage infructueux, repli sur le bord de la map
attaque 5 : [i] code mis a jour : relance pour les 19 attaques restantes
attaque 2 : [i] code mis a jour : relance pour les 17 attaques restantes
attaque 2 : [!] reserves illisibles : la surveillance ne peut rien conclure sur cette phase
attaque 3 : [i] code mis a jour : relance pour les 14 attaques restantes
attaque 1 : [i] code mis a jour : relance pour les 13 attaques restantes
attaque 3 : [i] code mis a jour : relance pour les 10 attaques restantes
attaque 3 : [i] code mis a jour : relance pour les 7 attaques restantes
attaque 4 : [!] reserves illisibles : la surveillance ne peut rien conclure sur cette phase
attaque 6 : [!] reserves illisibles : la surveillance ne peut rien conclure sur cette phase
attaque 7 : Termine.
attaque 1 : [!] reserves illisibles : la surveillance ne peut rien conclure sur cette phase
attaque 1 : [i] code mis a jour : relance pour les 49 attaques restantes
attaque 2 : [!] reserves illisibles : la surveillance ne peut rien conclure sur cette phase
attaque 3 : [i] code mis a jour : relance pour les 46 attaques restantes
attaque 1 : [!] reserves illisibles (home) : la surveillance ne peut rien conclure sur cette phase
attaque 2 : [!] impossible d'atteindre le combat
attaque 2 : [!] attaque ratee (1 d'affilee), tentative de reprise
attaque 3 : [!] impossible d'atteindre le combat
attaque 3 : [!] attaque ratee (2 d'affilee), tentative de reprise
attaque 4 : [!] impossible d'atteindre le combat
attaque 4 : [!] attaque ratee (3 d'affilee), tentative de reprise
attaque 5 : [!] impossible d'atteindre le combat
attaque 5 : [!] attaque ratee (4 d'affilee), tentative de reprise
attaque 6 : [i] code mis a jour : relance pour les 40 attaques restantes
attaque 3 : [i] code mis a jour : relance pour les 37 attaques restantes
attaque 1 : [i] code mis a jour : relance pour les 36 attaques restantes
attaque 1 : [!] reserves illisibles (cancel) : la surveillance ne peut rien conclure sur cette phase
attaque 3 : [!] reserves illisibles (cancel) : la surveillance ne peut rien conclure sur cette phase
attaque 3 : [i] code mis a jour : relance pour les 33 attaques restantes
attaque 3 : [i] code mis a jour : relance pour les 30 attaques restantes
attaque 3 : [i] code mis a jour : relance pour les 27 attaques restantes
attaque 2 : [!] reserves illisibles (home, dernier retour : aucun) : la surveillance ne peut rien conclure sur cette phase
attaque 5 : [i] code mis a jour : relance pour les 22 attaques restantes
attaque 1 : [i] code mis a jour : relance pour les 21 attaques restantes
attaque 1 : [!] reserves illisibles (home, dernier retour : aucun) : la surveillance ne peut rien conclure sur cette phase
attaque 4 : [i] code mis a jour : relance pour les 17 attaques restantes
attaque 4 : [i] code mis a jour : relance pour les 13 attaques restantes
attaque 4 : [i] code mis a jour : relance pour les 9 attaques restantes
attaque 1 : [i] code mis a jour : relance pour les 8 attaques restantes
attaque 4 : [!] reserves illisibles (home, dernier retour : selection-ratee/menu) : la surveillance ne peut rien conclure sur cette phase
attaque 8 : Termine.
attaque 1 : [i] code mis a jour : relance pour les 49 attaques restantes
attaque 4 : [i] code mis a jour : relance pour les 45 attaques restantes
attaque 3 : [i] code mis a jour : relance pour les 42 attaques restantes
attaque 3 : [i] code mis a jour : relance pour les 39 attaques restantes
attaque 2 : [i] code mis a jour : relance pour les 37 attaques restantes
attaque 6 : [!] reserves illisibles (home, dernier retour : selection-ratee/menu) : la surveillance ne peut rien conclure sur cette phase
attaque 8 : [i] code mis a jour : relance pour les 29 attaques restantes
attaque 9 : [i] code mis a jour : relance pour les 20 attaques restantes
attaque 1 : [!] erreur pendant l'attaque : NameError("name 'mouvements' is not defined")
attaque 1 : [!] attaque ratee (1 d'affilee), tentative de reprise
attaque 1 : [i] code mis a jour : relance pour les 19 attaques restantes
attaque 4 : [i] code mis a jour : relance pour les 15 attaques restantes
attaque 1 : [i] code mis a jour : relance pour les 14 attaques restantes
attaque 10 : [i] code mis a jour : relance pour les 4 attaques restantes
attaque 4 : Termine.
attaque 3 : [!] reserves illisibles (home, dernier retour : aucun) : la surveillance ne peut rien conclure sur cette phase
attaque 6 : [i] code mis a jour : relance pour les 44 attaques restantes
point de situation : 162 attaques, 162 deploiements complets, 84 remparts
point de situation : 172 attaques, 172 deploiements complets, 89 remparts
point de situation : 182 attaques, 182 deploiements complets, 95 remparts
attaque 34 : seulement 6/7 slots deployes, des troupes sont restees au depot
point de situation : 192 attaques, 191 deploiements complets, 101 remparts
attaque 43 : [i] code mis a jour : relance pour les 1 attaques restantes
attaque 1 : Termine.
attaque 2 : [i] code mis a jour : relance pour les 48 attaques restantes
point de situation : 208 attaques, 207 deploiements complets, 110 remparts
point de situation : 218 attaques, 217 deploiements complets, 115 remparts
point de situation : 228 attaques, 227 deploiements complets, 120 remparts
point de situation : 238 attaques, 237 deploiements complets, 127 remparts
attaque 48 : Termine.
